// Vitest Snapshot v1, https://vitest.dev/guide/snapshot.html

exports[`fetchUrlBody() > fetches url body 1`] = `"<html><title>Mock Page</title><body><p>Email: mock@example.com</p></body></html>"`;
